2026-02-05 14:26:49,780 - __main__ - INFO - ======================================================================
2026-02-05 14:26:49,782 - __main__ - INFO - ADHD Audio Summarization System
2026-02-05 14:26:49,782 - __main__ - INFO - On-Device Processing - Privacy Preserved
2026-02-05 14:26:49,782 - __main__ - INFO - ======================================================================
2026-02-05 14:26:49,782 - pipeline.orchestrator - INFO - Loading configuration from config/settings.yaml
2026-02-05 14:26:49,788 - __main__ - INFO - Running full pipeline...
2026-02-05 14:26:49,788 - pipeline.orchestrator - INFO - ============================================================
2026-02-05 14:26:49,794 - pipeline.orchestrator - INFO - Starting full pipeline execution
2026-02-05 14:26:49,794 - pipeline.orchestrator - INFO - ============================================================
2026-02-05 14:26:49,794 - pipeline.orchestrator - INFO - Initializing agents: ['audio_file', 'vad', 'transcription', 'summary']
2026-02-05 14:26:49,795 - agents.recording_agent - INFO - AudioFileAgent initialized
2026-02-05 14:26:49,795 - agents.vad_transcription_agents - INFO - Initializing VADAgent...
2026-02-05 14:26:49,796 - models.vad_models - INFO - Loading Silero VAD model...
2026-02-05 14:26:50,801 - models.vad_models - INFO - Silero VAD model loaded successfully
2026-02-05 14:26:50,801 - agents.vad_transcription_agents - INFO - VADAgent initialized successfully
2026-02-05 14:26:50,801 - agents.vad_transcription_agents - INFO - Initializing TranscriptionAgent...
2026-02-05 14:27:04,826 - models.asr_models - INFO - Loading joint ASR-diarization model: AlexXu811/child-adult-joint-asr-diarization on cuda
2026-02-05 14:27:04,928 - httpx - INFO - HTTP Request: GET https://huggingface.co/api/models/openai/whisper-small.en/tree/main/additional_chat_templates?recursive=false&expand=false "HTTP/1.1 404 Not Found"
2026-02-05 14:27:04,978 - httpx - INFO - HTTP Request: HEAD https://huggingface.co/openai/whisper-small.en/resolve/main/processor_config.json "HTTP/1.1 404 Not Found"
2026-02-05 14:27:05,032 - httpx - INFO - HTTP Request: HEAD https://huggingface.co/openai/whisper-small.en/resolve/main/chat_template.json "HTTP/1.1 404 Not Found"
2026-02-05 14:27:05,143 - httpx - INFO - HTTP Request: HEAD https://huggingface.co/openai/whisper-small.en/resolve/main/chat_template.jinja "HTTP/1.1 404 Not Found"
2026-02-05 14:27:05,193 - httpx - INFO - HTTP Request: HEAD https://huggingface.co/openai/whisper-small.en/resolve/main/audio_tokenizer_config.json "HTTP/1.1 404 Not Found"
2026-02-05 14:27:05,239 - httpx - INFO - HTTP Request: HEAD https://huggingface.co/openai/whisper-small.en/resolve/main/processor_config.json "HTTP/1.1 404 Not Found"
2026-02-05 14:27:05,286 - httpx - INFO - HTTP Request: HEAD https://huggingface.co/openai/whisper-small.en/resolve/main/preprocessor_config.json "HTTP/1.1 307 Temporary Redirect"
2026-02-05 14:27:05,301 - httpx - INFO - HTTP Request: HEAD https://huggingface.co/api/resolve-cache/models/openai/whisper-small.en/e8727524f962ee844a7319d92be39ac1bd25655a/preprocessor_config.json "HTTP/1.1 200 OK"
2026-02-05 14:27:05,377 - httpx - INFO - HTTP Request: HEAD https://huggingface.co/openai/whisper-small.en/resolve/main/processor_config.json "HTTP/1.1 404 Not Found"
2026-02-05 14:27:05,377 - huggingface_hub.utils._http - WARNING - Warning: You are sending unauthenticated requests to the HF Hub. Please set a HF_TOKEN to enable higher rate limits and faster downloads.
2026-02-05 14:27:05,426 - httpx - INFO - HTTP Request: HEAD https://huggingface.co/openai/whisper-small.en/resolve/main/preprocessor_config.json "HTTP/1.1 307 Temporary Redirect"
2026-02-05 14:27:05,442 - httpx - INFO - HTTP Request: HEAD https://huggingface.co/api/resolve-cache/models/openai/whisper-small.en/e8727524f962ee844a7319d92be39ac1bd25655a/preprocessor_config.json "HTTP/1.1 200 OK"
2026-02-05 14:27:05,495 - httpx - INFO - HTTP Request: HEAD https://huggingface.co/openai/whisper-small.en/resolve/main/config.json "HTTP/1.1 307 Temporary Redirect"
2026-02-05 14:27:05,517 - httpx - INFO - HTTP Request: HEAD https://huggingface.co/api/resolve-cache/models/openai/whisper-small.en/e8727524f962ee844a7319d92be39ac1bd25655a/config.json "HTTP/1.1 200 OK"
2026-02-05 14:27:05,565 - httpx - INFO - HTTP Request: HEAD https://huggingface.co/openai/whisper-small.en/resolve/main/tokenizer_config.json "HTTP/1.1 307 Temporary Redirect"
2026-02-05 14:27:05,581 - httpx - INFO - HTTP Request: HEAD https://huggingface.co/api/resolve-cache/models/openai/whisper-small.en/e8727524f962ee844a7319d92be39ac1bd25655a/tokenizer_config.json "HTTP/1.1 200 OK"
2026-02-05 14:27:05,632 - httpx - INFO - HTTP Request: GET https://huggingface.co/api/models/openai/whisper-small.en/tree/main/additional_chat_templates?recursive=false&expand=false "HTTP/1.1 404 Not Found"
2026-02-05 14:27:05,689 - httpx - INFO - HTTP Request: GET https://huggingface.co/api/models/openai/whisper-small.en/tree/main?recursive=true&expand=false "HTTP/1.1 200 OK"
2026-02-05 14:27:06,419 - models.whisper_diarization - INFO - Loading WhisperWithDiarization from AlexXu811/child-adult-joint-asr-diarization
2026-02-05 14:27:06,527 - httpx - INFO - HTTP Request: HEAD https://huggingface.co/AlexXu811/child-adult-joint-asr-diarization/resolve/main/config.json "HTTP/1.1 307 Temporary Redirect"
2026-02-05 14:27:06,546 - httpx - INFO - HTTP Request: HEAD https://huggingface.co/api/resolve-cache/models/AlexXu811/child-adult-joint-asr-diarization/5cdc8151a6b1f080238e3060bcdae52a3b0a2822/config.json "HTTP/1.1 200 OK"
2026-02-05 14:27:06,620 - httpx - INFO - HTTP Request: HEAD https://huggingface.co/AlexXu811/child-adult-joint-asr-diarization/resolve/main/model.safetensors "HTTP/1.1 302 Found"
2026-02-05 14:27:07,340 - httpx - INFO - HTTP Request: HEAD https://huggingface.co/AlexXu811/child-adult-joint-asr-diarization/resolve/main/generation_config.json "HTTP/1.1 307 Temporary Redirect"
2026-02-05 14:27:07,358 - httpx - INFO - HTTP Request: HEAD https://huggingface.co/api/resolve-cache/models/AlexXu811/child-adult-joint-asr-diarization/5cdc8151a6b1f080238e3060bcdae52a3b0a2822/generation_config.json "HTTP/1.1 200 OK"
2026-02-05 14:27:07,441 - httpx - INFO - HTTP Request: HEAD https://huggingface.co/AlexXu811/child-adult-joint-asr-diarization/resolve/main/diarization_conv_layers.pt "HTTP/1.1 302 Found"
2026-02-05 14:27:07,530 - httpx - INFO - HTTP Request: HEAD https://huggingface.co/AlexXu811/child-adult-joint-asr-diarization/resolve/main/diarization_classifier.pt "HTTP/1.1 302 Found"
2026-02-05 14:27:07,560 - models.whisper_diarization - INFO - Detected hidden dimension: 256
2026-02-05 14:27:07,563 - models.whisper_diarization - INFO - Loaded diarization conv layers weights
2026-02-05 14:27:07,565 - models.whisper_diarization - INFO - Loaded diarization classifier weights
2026-02-05 14:27:07,566 - models.whisper_diarization - INFO - Diarization head weights loaded successfully
2026-02-05 14:27:09,658 - models.asr_models - INFO - Joint ASR-diarization model loaded successfully
2026-02-05 14:27:09,660 - agents.vad_transcription_agents - INFO - TranscriptionAgent initialized successfully
2026-02-05 14:27:09,660 - agents.summary_agent - INFO - Initializing SummaryAgent...
2026-02-05 14:27:09,660 - models.llm_models - INFO - Loading Qwen model: Qwen/Qwen2.5-7B-Instruct on cuda
2026-02-05 14:27:09,706 - httpx - INFO - HTTP Request: HEAD https://huggingface.co/Qwen/Qwen2.5-7B-Instruct/resolve/main/config.json "HTTP/1.1 307 Temporary Redirect"
2026-02-05 14:27:09,726 - httpx - INFO - HTTP Request: HEAD https://huggingface.co/api/resolve-cache/models/Qwen/Qwen2.5-7B-Instruct/a09a35458c702b33eeacc393d103063234e8bc28/config.json "HTTP/1.1 200 OK"
2026-02-05 14:27:09,787 - httpx - INFO - HTTP Request: HEAD https://huggingface.co/Qwen/Qwen2.5-7B-Instruct/resolve/main/tokenizer_config.json "HTTP/1.1 307 Temporary Redirect"
2026-02-05 14:27:09,806 - httpx - INFO - HTTP Request: HEAD https://huggingface.co/api/resolve-cache/models/Qwen/Qwen2.5-7B-Instruct/a09a35458c702b33eeacc393d103063234e8bc28/tokenizer_config.json "HTTP/1.1 200 OK"
2026-02-05 14:27:09,878 - httpx - INFO - HTTP Request: GET https://huggingface.co/api/models/Qwen/Qwen2.5-7B-Instruct/tree/main/additional_chat_templates?recursive=false&expand=false "HTTP/1.1 404 Not Found"
2026-02-05 14:27:09,937 - httpx - INFO - HTTP Request: GET https://huggingface.co/api/models/Qwen/Qwen2.5-7B-Instruct/tree/main?recursive=true&expand=false "HTTP/1.1 200 OK"
2026-02-05 14:27:10,831 - httpx - INFO - HTTP Request: GET https://huggingface.co/api/models/Qwen/Qwen2.5-7B-Instruct "HTTP/1.1 200 OK"
2026-02-05 14:27:10,903 - httpx - INFO - HTTP Request: HEAD https://huggingface.co/Qwen/Qwen2.5-7B-Instruct/resolve/main/config.json "HTTP/1.1 307 Temporary Redirect"
2026-02-05 14:27:10,921 - httpx - INFO - HTTP Request: HEAD https://huggingface.co/api/resolve-cache/models/Qwen/Qwen2.5-7B-Instruct/a09a35458c702b33eeacc393d103063234e8bc28/config.json "HTTP/1.1 200 OK"
2026-02-05 14:27:36,029 - httpx - INFO - HTTP Request: HEAD https://huggingface.co/Qwen/Qwen2.5-7B-Instruct/resolve/main/generation_config.json "HTTP/1.1 307 Temporary Redirect"
2026-02-05 14:27:36,056 - httpx - INFO - HTTP Request: HEAD https://huggingface.co/api/resolve-cache/models/Qwen/Qwen2.5-7B-Instruct/a09a35458c702b33eeacc393d103063234e8bc28/generation_config.json "HTTP/1.1 200 OK"
2026-02-05 14:27:36,129 - httpx - INFO - HTTP Request: HEAD https://huggingface.co/Qwen/Qwen2.5-7B-Instruct/resolve/main/custom_generate/generate.py "HTTP/1.1 404 Not Found"
2026-02-05 14:27:52,545 - models.llm_models - INFO - Qwen model loaded successfully
2026-02-05 14:27:52,547 - agents.summary_agent - INFO - SummaryAgent initialized successfully
2026-02-05 14:27:52,549 - pipeline.orchestrator - INFO - All requested agents initialized successfully
2026-02-05 14:27:52,549 - pipeline.orchestrator - INFO - Step 1/4: Loading audio from D:\Jiahao_Zheng\On-Device-ASR-ADHD\data\ENNIA413.wav...
2026-02-05 14:27:52,550 - agents.recording_agent - INFO - Loading audio from: D:\Jiahao_Zheng\On-Device-ASR-ADHD\data\ENNIA413.wav
2026-02-05 14:27:58,109 - agents.recording_agent - INFO - Loaded 392.69s of audio at 16000Hz
2026-02-05 14:27:58,111 - pipeline.orchestrator - INFO - Output directory: outputs\daily_reports\ENNIA413
2026-02-05 14:27:58,112 - pipeline.orchestrator - INFO - Step 2/4: Detecting speech segments...
2026-02-05 14:27:58,112 - agents.vad_transcription_agents - INFO - Running VAD on 392.69s of audio...
2026-02-05 14:28:02,248 - models.vad_models - INFO - Detected 104 speech segments
2026-02-05 14:28:02,249 - agents.vad_transcription_agents - INFO - Detected 104 speech segments
2026-02-05 14:28:02,249 - agents.vad_transcription_agents - INFO - Total speech: 164.96s, Average segment: 1.59s
2026-02-05 14:28:02,249 - pipeline.orchestrator - INFO - Found 104 speech segments
2026-02-05 14:28:02,249 - pipeline.orchestrator - INFO - Step 3/4: Transcribing speech...
2026-02-05 14:28:02,249 - agents.vad_transcription_agents - INFO - Transcribing 104 segments...
2026-02-05 14:28:02,251 - models.asr_models - INFO - Transcribing 104 segments with speaker diarization...
2026-02-05 14:28:08,140 - models.asr_models - INFO - Progress: 10/104 segments transcribed
2026-02-05 14:28:12,294 - models.asr_models - INFO - Progress: 20/104 segments transcribed
2026-02-05 14:28:16,230 - models.asr_models - INFO - Progress: 30/104 segments transcribed
2026-02-05 14:28:19,972 - models.asr_models - INFO - Progress: 40/104 segments transcribed
2026-02-05 14:28:23,673 - models.asr_models - INFO - Progress: 50/104 segments transcribed
2026-02-05 14:28:32,046 - models.asr_models - INFO - Progress: 60/104 segments transcribed
2026-02-05 14:28:35,822 - models.asr_models - INFO - Progress: 70/104 segments transcribed
2026-02-05 14:28:39,591 - models.asr_models - INFO - Progress: 80/104 segments transcribed
2026-02-05 14:28:43,415 - models.asr_models - INFO - Progress: 90/104 segments transcribed
2026-02-05 14:28:47,140 - models.asr_models - INFO - Progress: 100/104 segments transcribed
2026-02-05 14:28:48,659 - models.asr_models - INFO - Progress: 104/104 segments transcribed
2026-02-05 14:28:49,013 - models.asr_models - INFO - Speaker breakdown: 2 child, 102 adult segments
2026-02-05 14:28:49,025 - agents.vad_transcription_agents - INFO - Successfully transcribed 100/104 segments
2026-02-05 14:28:49,026 - agents.vad_transcription_agents - INFO - Saved 100 transcripts to outputs\daily_reports\ENNIA413\transcripts_20260205.json
2026-02-05 14:28:49,026 - pipeline.orchestrator - INFO - Transcripts saved to outputs\daily_reports\ENNIA413\transcripts_20260205.json
2026-02-05 14:28:49,026 - pipeline.orchestrator - INFO - Step 4/4: Generating daily summary...
2026-02-05 14:28:49,026 - agents.summary_agent - INFO - Generating summary for 100 transcripts...
2026-02-05 14:28:49,028 - agents.summary_agent - INFO - Using 45 transcripts after filtering (min_words=3, min_confidence=0.3)
2026-02-05 14:29:26,129 - agents.summary_agent - INFO - Speaker breakdown: 2 child, 43 adult segments
2026-02-05 14:29:26,129 - agents.summary_agent - INFO - Summary generated successfully
2026-02-05 14:29:26,138 - agents.summary_agent - INFO - Saved summary JSON to outputs\daily_reports\ENNIA413\summary_20260205.json
2026-02-05 14:29:26,141 - agents.summary_agent - INFO - Saved summary report to outputs\daily_reports\ENNIA413\report_20260205.md
2026-02-05 14:29:26,141 - pipeline.orchestrator - INFO - ============================================================
2026-02-05 14:29:26,142 - pipeline.orchestrator - INFO - Pipeline execution completed successfully
2026-02-05 14:29:26,142 - pipeline.orchestrator - INFO - Reports saved to: outputs\daily_reports\ENNIA413
2026-02-05 14:29:26,142 - pipeline.orchestrator - INFO - ============================================================
2026-02-05 14:29:26,145 - __main__ - INFO - 
[OK] Success! Reports available at: outputs\daily_reports\ENNIA413
2026-02-05 14:29:26,145 - pipeline.orchestrator - INFO - Cleaning up pipeline orchestrator...
2026-02-05 14:29:26,146 - agents.recording_agent - INFO - AudioFileAgent cleaned up
2026-02-05 14:29:26,157 - agents.vad_transcription_agents - INFO - VADAgent cleaned up
2026-02-05 14:29:26,168 - agents.vad_transcription_agents - INFO - TranscriptionAgent cleaned up
2026-02-05 14:29:26,288 - agents.summary_agent - INFO - SummaryAgent cleaned up
2026-02-05 14:29:26,288 - pipeline.orchestrator - INFO - Cleanup completed
2026-02-05 14:29:26,288 - __main__ - INFO - 
======================================================================
2026-02-05 14:29:26,288 - __main__ - INFO - Processing completed successfully
2026-02-05 14:29:26,296 - __main__ - INFO - ======================================================================
2026-02-05 15:50:28,946 - __main__ - INFO - ======================================================================
2026-02-05 15:50:28,946 - __main__ - INFO - ADHD Audio Summarization System
2026-02-05 15:50:28,946 - __main__ - INFO - On-Device Processing - Privacy Preserved
2026-02-05 15:50:28,948 - __main__ - INFO - ======================================================================
2026-02-05 15:50:28,948 - pipeline.orchestrator - INFO - Loading configuration from config/settings.yaml
2026-02-05 15:50:28,959 - __main__ - INFO - Running full pipeline...
2026-02-05 15:50:28,959 - pipeline.orchestrator - INFO - ============================================================
2026-02-05 15:50:28,959 - pipeline.orchestrator - INFO - Starting full pipeline execution
2026-02-05 15:50:28,959 - pipeline.orchestrator - INFO - ============================================================
2026-02-05 15:50:28,959 - pipeline.orchestrator - INFO - Diarization-first mode enabled
2026-02-05 15:50:28,959 - pipeline.orchestrator - INFO - Initializing agents: ['audio_file', 'vad', 'diarization', 'transcription', 'summary']
2026-02-05 15:50:28,959 - agents.recording_agent - INFO - AudioFileAgent initialized
2026-02-05 15:50:28,959 - agents.vad_transcription_agents - INFO - Initializing VADAgent...
2026-02-05 15:50:28,961 - models.vad_models - INFO - Loading Silero VAD model...
2026-02-05 15:50:29,725 - models.vad_models - INFO - Silero VAD model loaded successfully
2026-02-05 15:50:29,725 - agents.vad_transcription_agents - INFO - VADAgent initialized successfully
2026-02-05 15:50:29,725 - agents.diarization_agent - INFO - Initializing speaker diarization (simple)...
2026-02-05 15:50:34,610 - models.simple_diarization - INFO - Initialized SimpleDiarization with 2 speakers
2026-02-05 15:50:34,611 - agents.diarization_agent - INFO - Diarization agent initialized successfully
2026-02-05 15:50:34,611 - agents.vad_transcription_agents - INFO - Initializing TranscriptionAgent...
2026-02-05 15:50:35,163 - models.asr_models - INFO - Loading Whisper model (openai-whisper): base on cuda
2026-02-05 15:50:35,387 - models.asr_models - WARNING - Failed to load openai-whisper: Attempting to deserialize object on a CUDA device but torch.cuda.is_available() is False. If you are running on a CPU-only machine, please use torch.load with map_location=torch.device('cpu') to map your storages to the CPU., trying faster-whisper...
2026-02-05 15:50:35,388 - models.asr_models - ERROR - Neither openai-whisper nor faster-whisper is installed.
Install one of them:
  pip install openai-whisper  (recommended, most compatible)
  pip install faster-whisper  (faster, may have Windows issues)
2026-02-05 15:50:35,388 - pipeline.orchestrator - INFO - Cleaning up pipeline orchestrator...
2026-02-05 15:50:35,389 - agents.recording_agent - INFO - AudioFileAgent cleaned up
2026-02-05 15:50:35,390 - agents.vad_transcription_agents - INFO - VADAgent cleaned up
2026-02-05 15:50:35,391 - agents.diarization_agent - INFO - Diarization agent cleaned up
2026-02-05 15:50:35,391 - agents.vad_transcription_agents - INFO - TranscriptionAgent cleaned up
2026-02-05 15:50:35,392 - pipeline.orchestrator - INFO - Cleanup completed
2026-02-05 15:50:35,392 - __main__ - ERROR - 

[ERROR] Error occurred: Neither openai-whisper nor faster-whisper is installed.
Install one of them:
  pip install openai-whisper  (recommended, most compatible)
  pip install faster-whisper  (faster, may have Windows issues)
Traceback (most recent call last):
  File "D:\Jiahao_Zheng\On-Device-ASR-ADHD\models\asr_models.py", line 55, in load_model
    from faster_whisper import WhisperModel
ModuleNotFoundError: No module named 'faster_whisper'

During handling of the above exception, another exception occurred:

Traceback (most recent call last):
  File "D:\Jiahao_Zheng\On-Device-ASR-ADHD\main.py", line 114, in main
    output_dir = orchestrator.run_full_pipeline(
  File "D:\Jiahao_Zheng\On-Device-ASR-ADHD\pipeline\orchestrator.py", line 124, in run_full_pipeline
    self.initialize_agents(required_agents)
  File "D:\Jiahao_Zheng\On-Device-ASR-ADHD\pipeline\orchestrator.py", line 84, in initialize_agents
    self.transcription_agent.initialize()
  File "D:\Jiahao_Zheng\On-Device-ASR-ADHD\agents\vad_transcription_agents.py", line 169, in initialize
    self.asr_model.load_model()
  File "D:\Jiahao_Zheng\On-Device-ASR-ADHD\models\asr_models.py", line 85, in load_model
    raise ImportError(error_msg)
ImportError: Neither openai-whisper nor faster-whisper is installed.
Install one of them:
  pip install openai-whisper  (recommended, most compatible)
  pip install faster-whisper  (faster, may have Windows issues)
2026-02-05 15:51:41,584 - __main__ - INFO - ======================================================================
2026-02-05 15:51:41,584 - __main__ - INFO - ADHD Audio Summarization System
2026-02-05 15:51:41,584 - __main__ - INFO - On-Device Processing - Privacy Preserved
2026-02-05 15:51:41,584 - __main__ - INFO - ======================================================================
2026-02-05 15:51:41,584 - pipeline.orchestrator - INFO - Loading configuration from config/settings.yaml
2026-02-05 15:51:41,600 - __main__ - INFO - Running full pipeline...
2026-02-05 15:51:41,600 - pipeline.orchestrator - INFO - ============================================================
2026-02-05 15:51:41,600 - pipeline.orchestrator - INFO - Starting full pipeline execution
2026-02-05 15:51:41,600 - pipeline.orchestrator - INFO - ============================================================
2026-02-05 15:51:41,600 - pipeline.orchestrator - INFO - Diarization-first mode enabled
2026-02-05 15:51:41,600 - pipeline.orchestrator - INFO - Initializing agents: ['audio_file', 'vad', 'diarization', 'transcription', 'summary']
2026-02-05 15:51:41,600 - agents.recording_agent - INFO - AudioFileAgent initialized
2026-02-05 15:51:41,600 - agents.vad_transcription_agents - INFO - Initializing VADAgent...
2026-02-05 15:51:41,606 - models.vad_models - INFO - Loading Silero VAD model...
2026-02-05 15:51:41,931 - models.vad_models - INFO - Silero VAD model loaded successfully
2026-02-05 15:51:41,931 - agents.vad_transcription_agents - INFO - VADAgent initialized successfully
2026-02-05 15:51:41,931 - agents.diarization_agent - INFO - Initializing speaker diarization (simple)...
2026-02-05 15:51:43,673 - models.simple_diarization - INFO - Initialized SimpleDiarization with 2 speakers
2026-02-05 15:51:43,673 - agents.diarization_agent - INFO - Diarization agent initialized successfully
2026-02-05 15:51:43,673 - agents.vad_transcription_agents - INFO - Initializing TranscriptionAgent...
2026-02-05 15:51:44,023 - models.asr_models - INFO - Loading Whisper model (openai-whisper): base on cuda
2026-02-05 15:51:44,178 - models.asr_models - WARNING - Failed to load openai-whisper: Attempting to deserialize object on a CUDA device but torch.cuda.is_available() is False. If you are running on a CPU-only machine, please use torch.load with map_location=torch.device('cpu') to map your storages to the CPU., trying faster-whisper...
2026-02-05 15:51:44,179 - models.asr_models - ERROR - Neither openai-whisper nor faster-whisper is installed.
Install one of them:
  pip install openai-whisper  (recommended, most compatible)
  pip install faster-whisper  (faster, may have Windows issues)
2026-02-05 15:51:44,179 - pipeline.orchestrator - INFO - Cleaning up pipeline orchestrator...
2026-02-05 15:51:44,179 - agents.recording_agent - INFO - AudioFileAgent cleaned up
2026-02-05 15:51:44,182 - agents.vad_transcription_agents - INFO - VADAgent cleaned up
2026-02-05 15:51:44,182 - agents.diarization_agent - INFO - Diarization agent cleaned up
2026-02-05 15:51:44,183 - agents.vad_transcription_agents - INFO - TranscriptionAgent cleaned up
2026-02-05 15:51:44,183 - pipeline.orchestrator - INFO - Cleanup completed
2026-02-05 15:51:44,183 - __main__ - ERROR - 

[ERROR] Error occurred: Neither openai-whisper nor faster-whisper is installed.
Install one of them:
  pip install openai-whisper  (recommended, most compatible)
  pip install faster-whisper  (faster, may have Windows issues)
Traceback (most recent call last):
  File "D:\Jiahao_Zheng\On-Device-ASR-ADHD\models\asr_models.py", line 55, in load_model
    from faster_whisper import WhisperModel
ModuleNotFoundError: No module named 'faster_whisper'

During handling of the above exception, another exception occurred:

Traceback (most recent call last):
  File "D:\Jiahao_Zheng\On-Device-ASR-ADHD\main.py", line 114, in main
    output_dir = orchestrator.run_full_pipeline(
  File "D:\Jiahao_Zheng\On-Device-ASR-ADHD\pipeline\orchestrator.py", line 124, in run_full_pipeline
    self.initialize_agents(required_agents)
  File "D:\Jiahao_Zheng\On-Device-ASR-ADHD\pipeline\orchestrator.py", line 84, in initialize_agents
    self.transcription_agent.initialize()
  File "D:\Jiahao_Zheng\On-Device-ASR-ADHD\agents\vad_transcription_agents.py", line 169, in initialize
    self.asr_model.load_model()
  File "D:\Jiahao_Zheng\On-Device-ASR-ADHD\models\asr_models.py", line 85, in load_model
    raise ImportError(error_msg)
ImportError: Neither openai-whisper nor faster-whisper is installed.
Install one of them:
  pip install openai-whisper  (recommended, most compatible)
  pip install faster-whisper  (faster, may have Windows issues)
2026-02-05 15:52:48,975 - __main__ - INFO - ======================================================================
2026-02-05 15:52:48,975 - __main__ - INFO - ADHD Audio Summarization System
2026-02-05 15:52:48,975 - __main__ - INFO - On-Device Processing - Privacy Preserved
2026-02-05 15:52:48,982 - __main__ - INFO - ======================================================================
2026-02-05 15:52:48,982 - pipeline.orchestrator - INFO - Loading configuration from config/settings.yaml
2026-02-05 15:52:48,993 - __main__ - INFO - Running full pipeline...
2026-02-05 15:52:48,994 - pipeline.orchestrator - INFO - ============================================================
2026-02-05 15:52:48,994 - pipeline.orchestrator - INFO - Starting full pipeline execution
2026-02-05 15:52:48,994 - pipeline.orchestrator - INFO - ============================================================
2026-02-05 15:52:48,995 - pipeline.orchestrator - INFO - Diarization-first mode enabled
2026-02-05 15:52:48,995 - pipeline.orchestrator - INFO - Initializing agents: ['audio_file', 'vad', 'diarization', 'transcription', 'summary']
2026-02-05 15:52:48,996 - agents.recording_agent - INFO - AudioFileAgent initialized
2026-02-05 15:52:48,997 - agents.vad_transcription_agents - INFO - Initializing VADAgent...
2026-02-05 15:52:48,997 - models.vad_models - INFO - Loading Silero VAD model...
2026-02-05 15:52:49,319 - models.vad_models - INFO - Silero VAD model loaded successfully
2026-02-05 15:52:49,319 - agents.vad_transcription_agents - INFO - VADAgent initialized successfully
2026-02-05 15:52:49,319 - agents.diarization_agent - INFO - Initializing speaker diarization (simple)...
2026-02-05 15:52:51,093 - models.simple_diarization - INFO - Initialized SimpleDiarization with 2 speakers
2026-02-05 15:52:51,093 - agents.diarization_agent - INFO - Diarization agent initialized successfully
2026-02-05 15:52:51,093 - agents.vad_transcription_agents - INFO - Initializing TranscriptionAgent...
2026-02-05 15:52:51,426 - models.asr_models - INFO - Loading Whisper model (openai-whisper): base on cuda
2026-02-05 15:52:51,591 - models.asr_models - WARNING - Failed to load openai-whisper: Attempting to deserialize object on a CUDA device but torch.cuda.is_available() is False. If you are running on a CPU-only machine, please use torch.load with map_location=torch.device('cpu') to map your storages to the CPU., trying faster-whisper...
2026-02-05 15:52:51,591 - models.asr_models - ERROR - Neither openai-whisper nor faster-whisper is installed.
Install one of them:
  pip install openai-whisper  (recommended, most compatible)
  pip install faster-whisper  (faster, may have Windows issues)
2026-02-05 15:52:51,591 - pipeline.orchestrator - INFO - Cleaning up pipeline orchestrator...
2026-02-05 15:52:51,591 - agents.recording_agent - INFO - AudioFileAgent cleaned up
2026-02-05 15:52:51,591 - agents.vad_transcription_agents - INFO - VADAgent cleaned up
2026-02-05 15:52:51,607 - agents.diarization_agent - INFO - Diarization agent cleaned up
2026-02-05 15:52:51,607 - agents.vad_transcription_agents - INFO - TranscriptionAgent cleaned up
2026-02-05 15:52:51,607 - pipeline.orchestrator - INFO - Cleanup completed
2026-02-05 15:52:51,607 - __main__ - ERROR - 

[ERROR] Error occurred: Neither openai-whisper nor faster-whisper is installed.
Install one of them:
  pip install openai-whisper  (recommended, most compatible)
  pip install faster-whisper  (faster, may have Windows issues)
Traceback (most recent call last):
  File "D:\Jiahao_Zheng\On-Device-ASR-ADHD\models\asr_models.py", line 55, in load_model
    from faster_whisper import WhisperModel
ModuleNotFoundError: No module named 'faster_whisper'

During handling of the above exception, another exception occurred:

Traceback (most recent call last):
  File "D:\Jiahao_Zheng\On-Device-ASR-ADHD\main.py", line 114, in main
    output_dir = orchestrator.run_full_pipeline(
  File "D:\Jiahao_Zheng\On-Device-ASR-ADHD\pipeline\orchestrator.py", line 124, in run_full_pipeline
    self.initialize_agents(required_agents)
  File "D:\Jiahao_Zheng\On-Device-ASR-ADHD\pipeline\orchestrator.py", line 84, in initialize_agents
    self.transcription_agent.initialize()
  File "D:\Jiahao_Zheng\On-Device-ASR-ADHD\agents\vad_transcription_agents.py", line 169, in initialize
    self.asr_model.load_model()
  File "D:\Jiahao_Zheng\On-Device-ASR-ADHD\models\asr_models.py", line 85, in load_model
    raise ImportError(error_msg)
ImportError: Neither openai-whisper nor faster-whisper is installed.
Install one of them:
  pip install openai-whisper  (recommended, most compatible)
  pip install faster-whisper  (faster, may have Windows issues)
2026-02-05 15:57:46,589 - __main__ - INFO - ======================================================================
2026-02-05 15:57:46,589 - __main__ - INFO - ADHD Audio Summarization System
2026-02-05 15:57:46,589 - __main__ - INFO - On-Device Processing - Privacy Preserved
2026-02-05 15:57:46,589 - __main__ - INFO - ======================================================================
2026-02-05 15:57:46,589 - pipeline.orchestrator - INFO - Loading configuration from config/settings.yaml
2026-02-05 15:57:46,589 - __main__ - INFO - Running full pipeline...
2026-02-05 15:57:46,600 - pipeline.orchestrator - INFO - ============================================================
2026-02-05 15:57:46,600 - pipeline.orchestrator - INFO - Starting full pipeline execution
2026-02-05 15:57:46,600 - pipeline.orchestrator - INFO - ============================================================
2026-02-05 15:57:46,601 - pipeline.orchestrator - INFO - Diarization-first mode enabled
2026-02-05 15:57:46,601 - pipeline.orchestrator - INFO - Initializing agents: ['audio_file', 'vad', 'diarization', 'transcription', 'summary']
2026-02-05 15:57:46,601 - agents.recording_agent - INFO - AudioFileAgent initialized
2026-02-05 15:57:46,601 - agents.vad_transcription_agents - INFO - Initializing VADAgent...
2026-02-05 15:57:46,603 - models.vad_models - INFO - Loading Silero VAD model...
2026-02-05 15:57:46,928 - models.vad_models - ERROR - Failed to load Silero VAD model: Could not load this library: C:\Users\jzheng7\AppData\Local\anaconda3\envs\adhd_audio\Lib\site-packages\torchaudio\lib\libtorchaudio.pyd
2026-02-05 15:57:46,928 - pipeline.orchestrator - INFO - Cleaning up pipeline orchestrator...
2026-02-05 15:57:46,928 - agents.recording_agent - INFO - AudioFileAgent cleaned up
2026-02-05 15:57:46,930 - agents.vad_transcription_agents - INFO - VADAgent cleaned up
2026-02-05 15:57:46,930 - pipeline.orchestrator - INFO - Cleanup completed
2026-02-05 15:57:46,931 - __main__ - ERROR - 

[ERROR] Error occurred: Could not load this library: C:\Users\jzheng7\AppData\Local\anaconda3\envs\adhd_audio\Lib\site-packages\torchaudio\lib\libtorchaudio.pyd
Traceback (most recent call last):
  File "C:\Users\jzheng7\AppData\Local\anaconda3\envs\adhd_audio\lib\site-packages\torch\_ops.py", line 1442, in load_library
    ctypes.CDLL(path)
  File "C:\Users\jzheng7\AppData\Local\anaconda3\envs\adhd_audio\lib\ctypes\__init__.py", line 374, in __init__
    self._handle = _dlopen(self._name, mode)
OSError: [WinError 127] The specified procedure could not be found

The above exception was the direct cause of the following exception:

Traceback (most recent call last):
  File "D:\Jiahao_Zheng\On-Device-ASR-ADHD\main.py", line 114, in main
    output_dir = orchestrator.run_full_pipeline(
  File "D:\Jiahao_Zheng\On-Device-ASR-ADHD\pipeline\orchestrator.py", line 124, in run_full_pipeline
    self.initialize_agents(required_agents)
  File "D:\Jiahao_Zheng\On-Device-ASR-ADHD\pipeline\orchestrator.py", line 76, in initialize_agents
    self.vad_agent.initialize()
  File "D:\Jiahao_Zheng\On-Device-ASR-ADHD\agents\vad_transcription_agents.py", line 35, in initialize
    self.vad_model.load_model()
  File "D:\Jiahao_Zheng\On-Device-ASR-ADHD\models\vad_models.py", line 28, in load_model
    self.model, self.utils = torch.hub.load(
  File "C:\Users\jzheng7\AppData\Local\anaconda3\envs\adhd_audio\lib\site-packages\torch\hub.py", line 656, in load
    model = _load_local(repo_or_dir, model, *args, **kwargs)
  File "C:\Users\jzheng7\AppData\Local\anaconda3\envs\adhd_audio\lib\site-packages\torch\hub.py", line 686, in _load_local
    hub_module = _import_module(MODULE_HUBCONF, hubconf_path)
  File "C:\Users\jzheng7\AppData\Local\anaconda3\envs\adhd_audio\lib\site-packages\torch\hub.py", line 115, in _import_module
    spec.loader.exec_module(module)
  File "<frozen importlib._bootstrap_external>", line 883, in exec_module
  File "<frozen importlib._bootstrap>", line 241, in _call_with_frames_removed
  File "C:\Users\jzheng7/.cache\torch\hub\snakers4_silero-vad_master\hubconf.py", line 6, in <module>
    from silero_vad.utils_vad import (init_jit_model,
  File "C:\Users\jzheng7/.cache\torch\hub\snakers4_silero-vad_master\src\silero_vad\__init__.py", line 7, in <module>
    from silero_vad.model import load_silero_vad
  File "C:\Users\jzheng7/.cache\torch\hub\snakers4_silero-vad_master\src\silero_vad\model.py", line 1, in <module>
    from .utils_vad import init_jit_model, OnnxWrapper
  File "C:\Users\jzheng7/.cache\torch\hub\snakers4_silero-vad_master\src\silero_vad\utils_vad.py", line 2, in <module>
    import torchaudio
  File "C:\Users\jzheng7\AppData\Local\anaconda3\envs\adhd_audio\lib\site-packages\torchaudio\__init__.py", line 4, in <module>
    from . import _extension  # noqa  # usort: skip
  File "C:\Users\jzheng7\AppData\Local\anaconda3\envs\adhd_audio\lib\site-packages\torchaudio\_extension\__init__.py", line 38, in <module>
    _load_lib("libtorchaudio")
  File "C:\Users\jzheng7\AppData\Local\anaconda3\envs\adhd_audio\lib\site-packages\torchaudio\_extension\utils.py", line 60, in _load_lib
    torch.ops.load_library(path)
  File "C:\Users\jzheng7\AppData\Local\anaconda3\envs\adhd_audio\lib\site-packages\torch\_ops.py", line 1444, in load_library
    raise OSError(f"Could not load this library: {path}") from e
OSError: Could not load this library: C:\Users\jzheng7\AppData\Local\anaconda3\envs\adhd_audio\Lib\site-packages\torchaudio\lib\libtorchaudio.pyd
2026-02-05 16:03:29,415 - __main__ - INFO - ======================================================================
2026-02-05 16:03:29,415 - __main__ - INFO - ADHD Audio Summarization System
2026-02-05 16:03:29,417 - __main__ - INFO - On-Device Processing - Privacy Preserved
2026-02-05 16:03:29,417 - __main__ - INFO - ======================================================================
2026-02-05 16:03:29,417 - pipeline.orchestrator - INFO - Loading configuration from config/settings.yaml
2026-02-05 16:03:29,423 - __main__ - INFO - Running full pipeline...
2026-02-05 16:03:29,423 - pipeline.orchestrator - INFO - ============================================================
2026-02-05 16:03:29,423 - pipeline.orchestrator - INFO - Starting full pipeline execution
2026-02-05 16:03:29,424 - pipeline.orchestrator - INFO - ============================================================
2026-02-05 16:03:29,424 - pipeline.orchestrator - INFO - Diarization-first mode enabled
2026-02-05 16:03:29,424 - pipeline.orchestrator - INFO - Initializing agents: ['audio_file', 'vad', 'diarization', 'transcription', 'summary']
2026-02-05 16:03:29,425 - agents.recording_agent - INFO - AudioFileAgent initialized
2026-02-05 16:03:29,425 - agents.vad_transcription_agents - INFO - Initializing VADAgent...
2026-02-05 16:03:29,425 - models.vad_models - INFO - Loading Silero VAD model...
2026-02-05 16:03:30,129 - models.vad_models - INFO - Silero VAD model loaded successfully
2026-02-05 16:03:30,130 - agents.vad_transcription_agents - INFO - VADAgent initialized successfully
2026-02-05 16:03:30,130 - agents.diarization_agent - INFO - Initializing speaker diarization (simple)...
2026-02-05 16:03:31,981 - models.simple_diarization - INFO - Initialized SimpleDiarization with 2 speakers
2026-02-05 16:03:31,981 - agents.diarization_agent - INFO - Diarization agent initialized successfully
2026-02-05 16:03:31,982 - agents.vad_transcription_agents - INFO - Initializing TranscriptionAgent...
2026-02-05 16:03:32,296 - models.asr_models - INFO - Loading Whisper model (openai-whisper): base on cuda
2026-02-05 16:03:32,456 - models.asr_models - WARNING - Failed to load openai-whisper: Attempting to deserialize object on a CUDA device but torch.cuda.is_available() is False. If you are running on a CPU-only machine, please use torch.load with map_location=torch.device('cpu') to map your storages to the CPU., trying faster-whisper...
2026-02-05 16:03:32,457 - models.asr_models - ERROR - Neither openai-whisper nor faster-whisper is installed.
Install one of them:
  pip install openai-whisper  (recommended, most compatible)
  pip install faster-whisper  (faster, may have Windows issues)
2026-02-05 16:03:32,458 - pipeline.orchestrator - INFO - Cleaning up pipeline orchestrator...
2026-02-05 16:03:32,458 - agents.recording_agent - INFO - AudioFileAgent cleaned up
2026-02-05 16:03:32,461 - agents.vad_transcription_agents - INFO - VADAgent cleaned up
2026-02-05 16:03:32,461 - agents.diarization_agent - INFO - Diarization agent cleaned up
2026-02-05 16:03:32,461 - agents.vad_transcription_agents - INFO - TranscriptionAgent cleaned up
2026-02-05 16:03:32,461 - pipeline.orchestrator - INFO - Cleanup completed
2026-02-05 16:03:32,462 - __main__ - ERROR - 

[ERROR] Error occurred: Neither openai-whisper nor faster-whisper is installed.
Install one of them:
  pip install openai-whisper  (recommended, most compatible)
  pip install faster-whisper  (faster, may have Windows issues)
Traceback (most recent call last):
  File "D:\Jiahao_Zheng\On-Device-ASR-ADHD\models\asr_models.py", line 55, in load_model
    from faster_whisper import WhisperModel
ModuleNotFoundError: No module named 'faster_whisper'

During handling of the above exception, another exception occurred:

Traceback (most recent call last):
  File "D:\Jiahao_Zheng\On-Device-ASR-ADHD\main.py", line 114, in main
    output_dir = orchestrator.run_full_pipeline(
  File "D:\Jiahao_Zheng\On-Device-ASR-ADHD\pipeline\orchestrator.py", line 124, in run_full_pipeline
    self.initialize_agents(required_agents)
  File "D:\Jiahao_Zheng\On-Device-ASR-ADHD\pipeline\orchestrator.py", line 84, in initialize_agents
    self.transcription_agent.initialize()
  File "D:\Jiahao_Zheng\On-Device-ASR-ADHD\agents\vad_transcription_agents.py", line 169, in initialize
    self.asr_model.load_model()
  File "D:\Jiahao_Zheng\On-Device-ASR-ADHD\models\asr_models.py", line 85, in load_model
    raise ImportError(error_msg)
ImportError: Neither openai-whisper nor faster-whisper is installed.
Install one of them:
  pip install openai-whisper  (recommended, most compatible)
  pip install faster-whisper  (faster, may have Windows issues)
2026-02-05 16:06:34,643 - __main__ - INFO - ======================================================================
2026-02-05 16:06:34,643 - __main__ - INFO - ADHD Audio Summarization System
2026-02-05 16:06:34,643 - __main__ - INFO - On-Device Processing - Privacy Preserved
2026-02-05 16:06:34,643 - __main__ - INFO - ======================================================================
2026-02-05 16:06:34,643 - pipeline.orchestrator - INFO - Loading configuration from config/settings.yaml
2026-02-05 16:06:34,654 - __main__ - INFO - Running full pipeline...
2026-02-05 16:06:34,654 - pipeline.orchestrator - INFO - ============================================================
2026-02-05 16:06:34,654 - pipeline.orchestrator - INFO - Starting full pipeline execution
2026-02-05 16:06:34,654 - pipeline.orchestrator - INFO - ============================================================
2026-02-05 16:06:34,654 - pipeline.orchestrator - INFO - Diarization-first mode enabled
2026-02-05 16:06:34,654 - pipeline.orchestrator - INFO - Initializing agents: ['audio_file', 'vad', 'diarization', 'transcription', 'summary']
2026-02-05 16:06:34,654 - agents.recording_agent - INFO - AudioFileAgent initialized
2026-02-05 16:06:34,654 - agents.vad_transcription_agents - INFO - Initializing VADAgent...
2026-02-05 16:06:34,654 - models.vad_models - INFO - Loading Silero VAD model...
2026-02-05 16:06:35,137 - models.vad_models - INFO - Silero VAD model loaded successfully
2026-02-05 16:06:35,137 - agents.vad_transcription_agents - INFO - VADAgent initialized successfully
2026-02-05 16:06:35,138 - agents.diarization_agent - INFO - Initializing speaker diarization (simple)...
2026-02-05 16:06:37,079 - models.simple_diarization - INFO - Initialized SimpleDiarization with 2 speakers
2026-02-05 16:06:37,079 - agents.diarization_agent - INFO - Diarization agent initialized successfully
2026-02-05 16:06:37,079 - agents.vad_transcription_agents - INFO - Initializing TranscriptionAgent...
2026-02-05 16:06:37,409 - models.asr_models - INFO - Loading Whisper model (openai-whisper): base on cuda
2026-02-05 16:06:37,552 - models.asr_models - WARNING - Failed to load openai-whisper: Attempting to deserialize object on a CUDA device but torch.cuda.is_available() is False. If you are running on a CPU-only machine, please use torch.load with map_location=torch.device('cpu') to map your storages to the CPU., trying faster-whisper...
2026-02-05 16:06:37,553 - models.asr_models - ERROR - Neither openai-whisper nor faster-whisper is installed.
Install one of them:
  pip install openai-whisper  (recommended, most compatible)
  pip install faster-whisper  (faster, may have Windows issues)
2026-02-05 16:06:37,553 - pipeline.orchestrator - INFO - Cleaning up pipeline orchestrator...
2026-02-05 16:06:37,553 - agents.recording_agent - INFO - AudioFileAgent cleaned up
2026-02-05 16:06:37,556 - agents.vad_transcription_agents - INFO - VADAgent cleaned up
2026-02-05 16:06:37,556 - agents.diarization_agent - INFO - Diarization agent cleaned up
2026-02-05 16:06:37,556 - agents.vad_transcription_agents - INFO - TranscriptionAgent cleaned up
2026-02-05 16:06:37,556 - pipeline.orchestrator - INFO - Cleanup completed
2026-02-05 16:06:37,556 - __main__ - ERROR - 

[ERROR] Error occurred: Neither openai-whisper nor faster-whisper is installed.
Install one of them:
  pip install openai-whisper  (recommended, most compatible)
  pip install faster-whisper  (faster, may have Windows issues)
Traceback (most recent call last):
  File "D:\Jiahao_Zheng\On-Device-ASR-ADHD\models\asr_models.py", line 55, in load_model
    from faster_whisper import WhisperModel
ModuleNotFoundError: No module named 'faster_whisper'

During handling of the above exception, another exception occurred:

Traceback (most recent call last):
  File "D:\Jiahao_Zheng\On-Device-ASR-ADHD\main.py", line 114, in main
    output_dir = orchestrator.run_full_pipeline(
  File "D:\Jiahao_Zheng\On-Device-ASR-ADHD\pipeline\orchestrator.py", line 124, in run_full_pipeline
    self.initialize_agents(required_agents)
  File "D:\Jiahao_Zheng\On-Device-ASR-ADHD\pipeline\orchestrator.py", line 84, in initialize_agents
    self.transcription_agent.initialize()
  File "D:\Jiahao_Zheng\On-Device-ASR-ADHD\agents\vad_transcription_agents.py", line 169, in initialize
    self.asr_model.load_model()
  File "D:\Jiahao_Zheng\On-Device-ASR-ADHD\models\asr_models.py", line 85, in load_model
    raise ImportError(error_msg)
ImportError: Neither openai-whisper nor faster-whisper is installed.
Install one of them:
  pip install openai-whisper  (recommended, most compatible)
  pip install faster-whisper  (faster, may have Windows issues)
2026-02-05 16:07:19,370 - __main__ - INFO - ======================================================================
2026-02-05 16:07:19,370 - __main__ - INFO - ADHD Audio Summarization System
2026-02-05 16:07:19,370 - __main__ - INFO - On-Device Processing - Privacy Preserved
2026-02-05 16:07:19,370 - __main__ - INFO - ======================================================================
2026-02-05 16:07:19,370 - pipeline.orchestrator - INFO - Loading configuration from config/settings.yaml
2026-02-05 16:07:19,381 - __main__ - INFO - Running full pipeline...
2026-02-05 16:07:19,381 - pipeline.orchestrator - INFO - ============================================================
2026-02-05 16:07:19,381 - pipeline.orchestrator - INFO - Starting full pipeline execution
2026-02-05 16:07:19,381 - pipeline.orchestrator - INFO - ============================================================
2026-02-05 16:07:19,381 - pipeline.orchestrator - INFO - Diarization-first mode enabled
2026-02-05 16:07:19,381 - pipeline.orchestrator - INFO - Initializing agents: ['audio_file', 'vad', 'diarization', 'transcription', 'summary']
2026-02-05 16:07:19,381 - agents.recording_agent - INFO - AudioFileAgent initialized
2026-02-05 16:07:19,381 - agents.vad_transcription_agents - INFO - Initializing VADAgent...
2026-02-05 16:07:19,381 - models.vad_models - INFO - Loading Silero VAD model...
2026-02-05 16:07:19,644 - models.vad_models - INFO - Silero VAD model loaded successfully
2026-02-05 16:07:19,644 - agents.vad_transcription_agents - INFO - VADAgent initialized successfully
2026-02-05 16:07:19,644 - agents.diarization_agent - INFO - Initializing speaker diarization (simple)...
2026-02-05 16:07:21,364 - models.simple_diarization - INFO - Initialized SimpleDiarization with 2 speakers
2026-02-05 16:07:21,364 - agents.diarization_agent - INFO - Diarization agent initialized successfully
2026-02-05 16:07:21,364 - agents.vad_transcription_agents - INFO - Initializing TranscriptionAgent...
2026-02-05 16:07:21,612 - models.asr_models - INFO - Loading Whisper model (openai-whisper): base on cpu
2026-02-05 16:07:22,279 - models.asr_models - INFO - Whisper model (openai-whisper) loaded successfully
2026-02-05 16:07:22,279 - agents.vad_transcription_agents - INFO - TranscriptionAgent initialized successfully
2026-02-05 16:07:22,279 - agents.summary_agent - INFO - Initializing SummaryAgent...
2026-02-05 16:07:25,800 - models.llm_models - INFO - Loading Qwen model: Qwen/Qwen2.5-7B-Instruct on cpu
2026-02-05 16:07:25,923 - httpx - INFO - HTTP Request: HEAD https://huggingface.co/Qwen/Qwen2.5-7B-Instruct/resolve/main/config.json "HTTP/1.1 307 Temporary Redirect"
2026-02-05 16:07:25,939 - httpx - INFO - HTTP Request: HEAD https://huggingface.co/api/resolve-cache/models/Qwen/Qwen2.5-7B-Instruct/a09a35458c702b33eeacc393d103063234e8bc28/config.json "HTTP/1.1 200 OK"
2026-02-05 16:07:26,014 - httpx - INFO - HTTP Request: HEAD https://huggingface.co/Qwen/Qwen2.5-7B-Instruct/resolve/main/tokenizer_config.json "HTTP/1.1 307 Temporary Redirect"
2026-02-05 16:07:26,033 - httpx - INFO - HTTP Request: HEAD https://huggingface.co/api/resolve-cache/models/Qwen/Qwen2.5-7B-Instruct/a09a35458c702b33eeacc393d103063234e8bc28/tokenizer_config.json "HTTP/1.1 200 OK"
2026-02-05 16:07:26,093 - httpx - INFO - HTTP Request: GET https://huggingface.co/api/models/Qwen/Qwen2.5-7B-Instruct/tree/main/additional_chat_templates?recursive=false&expand=false "HTTP/1.1 404 Not Found"
2026-02-05 16:07:26,141 - httpx - INFO - HTTP Request: GET https://huggingface.co/api/models/Qwen/Qwen2.5-7B-Instruct/tree/main?recursive=true&expand=false "HTTP/1.1 200 OK"
2026-02-05 16:07:26,817 - httpx - INFO - HTTP Request: GET https://huggingface.co/api/models/Qwen/Qwen2.5-7B-Instruct "HTTP/1.1 200 OK"
2026-02-05 16:07:26,898 - httpx - INFO - HTTP Request: HEAD https://huggingface.co/Qwen/Qwen2.5-7B-Instruct/resolve/main/config.json "HTTP/1.1 307 Temporary Redirect"
2026-02-05 16:07:26,915 - httpx - INFO - HTTP Request: HEAD https://huggingface.co/api/resolve-cache/models/Qwen/Qwen2.5-7B-Instruct/a09a35458c702b33eeacc393d103063234e8bc28/config.json "HTTP/1.1 200 OK"
2026-02-05 16:07:27,012 - models.llm_models - ERROR - Failed to load Qwen model: Could not import module 'Qwen2ForCausalLM'. Are this object's requirements defined correctly?
2026-02-05 16:07:27,012 - pipeline.orchestrator - INFO - Cleaning up pipeline orchestrator...
2026-02-05 16:07:27,012 - agents.recording_agent - INFO - AudioFileAgent cleaned up
2026-02-05 16:07:27,017 - agents.vad_transcription_agents - INFO - VADAgent cleaned up
2026-02-05 16:07:27,017 - agents.diarization_agent - INFO - Diarization agent cleaned up
2026-02-05 16:07:27,022 - agents.vad_transcription_agents - INFO - TranscriptionAgent cleaned up
2026-02-05 16:07:27,022 - agents.summary_agent - INFO - SummaryAgent cleaned up
2026-02-05 16:07:27,022 - pipeline.orchestrator - INFO - Cleanup completed
2026-02-05 16:07:27,022 - __main__ - ERROR - 

[ERROR] Error occurred: Could not import module 'Qwen2ForCausalLM'. Are this object's requirements defined correctly?
Traceback (most recent call last):
  File "C:\Users\jzheng7\AppData\Local\anaconda3\envs\adhd_audio\lib\site-packages\transformers\utils\import_utils.py", line 2098, in __getattr__
    module = self._get_module(self._class_to_module[name])
  File "C:\Users\jzheng7\AppData\Local\anaconda3\envs\adhd_audio\lib\site-packages\transformers\utils\import_utils.py", line 2288, in _get_module
    raise e
  File "C:\Users\jzheng7\AppData\Local\anaconda3\envs\adhd_audio\lib\site-packages\transformers\utils\import_utils.py", line 2286, in _get_module
    return importlib.import_module("." + module_name, self.__name__)
  File "C:\Users\jzheng7\AppData\Local\anaconda3\envs\adhd_audio\lib\importlib\__init__.py", line 126, in import_module
    return _bootstrap._gcd_import(name[level:], package, level)
  File "<frozen importlib._bootstrap>", line 1050, in _gcd_import
  File "<frozen importlib._bootstrap>", line 1027, in _find_and_load
  File "<frozen importlib._bootstrap>", line 1006, in _find_and_load_unlocked
  File "<frozen importlib._bootstrap>", line 688, in _load_unlocked
  File "<frozen importlib._bootstrap_external>", line 883, in exec_module
  File "<frozen importlib._bootstrap>", line 241, in _call_with_frames_removed
  File "C:\Users\jzheng7\AppData\Local\anaconda3\envs\adhd_audio\lib\site-packages\transformers\models\qwen2\modeling_qwen2.py", line 19, in <module>
    from ...modeling_layers import (
  File "C:\Users\jzheng7\AppData\Local\anaconda3\envs\adhd_audio\lib\site-packages\transformers\modeling_layers.py", line 27, in <module>
    from .processing_utils import Unpack
  File "C:\Users\jzheng7\AppData\Local\anaconda3\envs\adhd_audio\lib\site-packages\transformers\processing_utils.py", line 38, in <module>
    from .image_utils import ChannelDimension, ImageInput, is_vision_available
  File "C:\Users\jzheng7\AppData\Local\anaconda3\envs\adhd_audio\lib\site-packages\transformers\image_utils.py", line 53, in <module>
    from torchvision.transforms import InterpolationMode
  File "C:\Users\jzheng7\AppData\Local\anaconda3\envs\adhd_audio\lib\site-packages\torchvision\__init__.py", line 10, in <module>
    from torchvision import _meta_registrations, datasets, io, models, ops, transforms, utils  # usort:skip
  File "C:\Users\jzheng7\AppData\Local\anaconda3\envs\adhd_audio\lib\site-packages\torchvision\_meta_registrations.py", line 164, in <module>
    def meta_nms(dets, scores, iou_threshold):
  File "C:\Users\jzheng7\AppData\Local\anaconda3\envs\adhd_audio\lib\site-packages\torch\library.py", line 1069, in register
    use_lib._register_fake(
  File "C:\Users\jzheng7\AppData\Local\anaconda3\envs\adhd_audio\lib\site-packages\torch\library.py", line 219, in _register_fake
    handle = entry.fake_impl.register(
  File "C:\Users\jzheng7\AppData\Local\anaconda3\envs\adhd_audio\lib\site-packages\torch\_library\fake_impl.py", line 50, in register
    if torch._C._dispatch_has_kernel_for_dispatch_key(self.qualname, "Meta"):
RuntimeError: operator torchvision::nms does not exist

The above exception was the direct cause of the following exception:

Traceback (most recent call last):
  File "D:\Jiahao_Zheng\On-Device-ASR-ADHD\main.py", line 114, in main
    output_dir = orchestrator.run_full_pipeline(
  File "D:\Jiahao_Zheng\On-Device-ASR-ADHD\pipeline\orchestrator.py", line 124, in run_full_pipeline
    self.initialize_agents(required_agents)
  File "D:\Jiahao_Zheng\On-Device-ASR-ADHD\pipeline\orchestrator.py", line 88, in initialize_agents
    self.summary_agent.initialize()
  File "D:\Jiahao_Zheng\On-Device-ASR-ADHD\agents\summary_agent.py", line 32, in initialize
    self.llm_model.load_model()
  File "D:\Jiahao_Zheng\On-Device-ASR-ADHD\models\llm_models.py", line 87, in load_model
    self.model = AutoModelForCausalLM.from_pretrained(
  File "C:\Users\jzheng7\AppData\Local\anaconda3\envs\adhd_audio\lib\site-packages\transformers\models\auto\auto_factory.py", line 369, in from_pretrained
    model_class = _get_model_class(config, cls._model_mapping)
  File "C:\Users\jzheng7\AppData\Local\anaconda3\envs\adhd_audio\lib\site-packages\transformers\models\auto\auto_factory.py", line 178, in _get_model_class
    supported_models = model_mapping[type(config)]
  File "C:\Users\jzheng7\AppData\Local\anaconda3\envs\adhd_audio\lib\site-packages\transformers\models\auto\auto_factory.py", line 570, in __getitem__
    return self._load_attr_from_module(model_type, model_name)
  File "C:\Users\jzheng7\AppData\Local\anaconda3\envs\adhd_audio\lib\site-packages\transformers\models\auto\auto_factory.py", line 584, in _load_attr_from_module
    return getattribute_from_module(self._modules[module_name], attr)
  File "C:\Users\jzheng7\AppData\Local\anaconda3\envs\adhd_audio\lib\site-packages\transformers\models\auto\auto_factory.py", line 496, in getattribute_from_module
    if hasattr(module, attr):
  File "C:\Users\jzheng7\AppData\Local\anaconda3\envs\adhd_audio\lib\site-packages\transformers\utils\import_utils.py", line 2182, in __getattr__
    raise ModuleNotFoundError(
ModuleNotFoundError: Could not import module 'Qwen2ForCausalLM'. Are this object's requirements defined correctly?
2026-02-05 16:07:53,396 - __main__ - INFO - ======================================================================
2026-02-05 16:07:53,396 - __main__ - INFO - ADHD Audio Summarization System
2026-02-05 16:07:53,396 - __main__ - INFO - On-Device Processing - Privacy Preserved
2026-02-05 16:07:53,396 - __main__ - INFO - ======================================================================
2026-02-05 16:07:53,396 - pipeline.orchestrator - INFO - Loading configuration from config/settings.yaml
2026-02-05 16:07:53,402 - __main__ - ERROR - --segments-dir is required for transcription-only mode
2026-02-05 16:07:53,402 - pipeline.orchestrator - INFO - Cleaning up pipeline orchestrator...
2026-02-05 16:07:53,403 - pipeline.orchestrator - INFO - Cleanup completed
2026-02-05 16:09:01,663 - __main__ - INFO - ======================================================================
2026-02-05 16:09:01,664 - __main__ - INFO - ADHD Audio Summarization System
2026-02-05 16:09:01,664 - __main__ - INFO - On-Device Processing - Privacy Preserved
2026-02-05 16:09:01,664 - __main__ - INFO - ======================================================================
2026-02-05 16:09:01,664 - pipeline.orchestrator - INFO - Loading configuration from config/settings.yaml
2026-02-05 16:09:01,671 - __main__ - INFO - Running full pipeline...
2026-02-05 16:09:01,671 - pipeline.orchestrator - INFO - ============================================================
2026-02-05 16:09:01,671 - pipeline.orchestrator - INFO - Starting full pipeline execution
2026-02-05 16:09:01,672 - pipeline.orchestrator - INFO - ============================================================
2026-02-05 16:09:01,672 - pipeline.orchestrator - INFO - Diarization-first mode enabled
2026-02-05 16:09:01,672 - pipeline.orchestrator - INFO - Initializing agents: ['audio_file', 'vad', 'diarization', 'transcription']
2026-02-05 16:09:01,672 - agents.recording_agent - INFO - AudioFileAgent initialized
2026-02-05 16:09:01,673 - agents.vad_transcription_agents - INFO - Initializing VADAgent...
2026-02-05 16:09:01,673 - models.vad_models - INFO - Loading Silero VAD model...
2026-02-05 16:09:01,958 - models.vad_models - INFO - Silero VAD model loaded successfully
2026-02-05 16:09:01,958 - agents.vad_transcription_agents - INFO - VADAgent initialized successfully
2026-02-05 16:09:01,959 - agents.diarization_agent - INFO - Initializing speaker diarization (simple)...
2026-02-05 16:09:03,719 - models.simple_diarization - INFO - Initialized SimpleDiarization with 2 speakers
2026-02-05 16:09:03,719 - agents.diarization_agent - INFO - Diarization agent initialized successfully
2026-02-05 16:09:03,719 - agents.vad_transcription_agents - INFO - Initializing TranscriptionAgent...
2026-02-05 16:09:04,060 - models.asr_models - INFO - Loading Whisper model (openai-whisper): base on cpu
2026-02-05 16:09:04,672 - models.asr_models - INFO - Whisper model (openai-whisper) loaded successfully
2026-02-05 16:09:04,673 - agents.vad_transcription_agents - INFO - TranscriptionAgent initialized successfully
2026-02-05 16:09:04,673 - pipeline.orchestrator - INFO - All requested agents initialized successfully
2026-02-05 16:09:04,673 - pipeline.orchestrator - INFO - Step 1/4: Loading audio from D:\Jiahao_Zheng\On-Device-ASR-ADHD\data\ENNIA413.wav...
2026-02-05 16:09:04,673 - agents.recording_agent - INFO - Loading audio from: D:\Jiahao_Zheng\On-Device-ASR-ADHD\data\ENNIA413.wav
2026-02-05 16:09:06,489 - agents.recording_agent - INFO - Loaded 392.69s of audio at 16000Hz
2026-02-05 16:09:06,490 - pipeline.orchestrator - INFO - Output directory: outputs\daily_reports\ENNIA413
2026-02-05 16:09:06,490 - pipeline.orchestrator - INFO - Step 2/5: Detecting speech segments (VAD)...
2026-02-05 16:09:06,490 - agents.vad_transcription_agents - INFO - Running VAD on 392.69s of audio...
2026-02-05 16:09:10,234 - models.vad_models - INFO - Detected 104 speech segments
2026-02-05 16:09:10,234 - agents.vad_transcription_agents - INFO - Detected 104 speech segments
2026-02-05 16:09:10,234 - agents.vad_transcription_agents - INFO - Total speech: 164.96s, Average segment: 1.59s
2026-02-05 16:09:10,234 - pipeline.orchestrator - INFO - Found 104 speech segments
2026-02-05 16:09:10,234 - pipeline.orchestrator - INFO - Step 3/5: Diarizing speech segments (simple clustering)...
2026-02-05 16:09:10,234 - agents.diarization_agent - INFO - Diarizing 104 VAD segments...
2026-02-05 16:09:10,234 - agents.diarization_agent - ERROR - VAD segment diarization failed: 'AudioSegment' object has no attribute 'sample_rate'
2026-02-05 16:09:10,235 - pipeline.orchestrator - INFO - Cleaning up pipeline orchestrator...
2026-02-05 16:09:10,235 - agents.recording_agent - INFO - AudioFileAgent cleaned up
2026-02-05 16:09:10,239 - agents.vad_transcription_agents - INFO - VADAgent cleaned up
2026-02-05 16:09:10,239 - agents.diarization_agent - INFO - Diarization agent cleaned up
2026-02-05 16:09:10,244 - agents.vad_transcription_agents - INFO - TranscriptionAgent cleaned up
2026-02-05 16:09:10,244 - pipeline.orchestrator - INFO - Cleanup completed
2026-02-05 16:09:10,244 - __main__ - ERROR - 

[ERROR] Error occurred: 'AudioSegment' object has no attribute 'sample_rate'
Traceback (most recent call last):
  File "D:\Jiahao_Zheng\On-Device-ASR-ADHD\main.py", line 114, in main
    output_dir = orchestrator.run_full_pipeline(
  File "D:\Jiahao_Zheng\On-Device-ASR-ADHD\pipeline\orchestrator.py", line 192, in run_full_pipeline
    speaker_segments = self.diarization_agent.diarize_vad_segments(speech_segments)
  File "D:\Jiahao_Zheng\On-Device-ASR-ADHD\agents\diarization_agent.py", line 200, in diarize_vad_segments
    sample_rate=vad_segments[0].sample_rate if vad_segments else 16000
AttributeError: 'AudioSegment' object has no attribute 'sample_rate'
2026-02-05 16:09:54,137 - __main__ - INFO - ======================================================================
2026-02-05 16:09:54,137 - __main__ - INFO - ADHD Audio Summarization System
2026-02-05 16:09:54,137 - __main__ - INFO - On-Device Processing - Privacy Preserved
2026-02-05 16:09:54,138 - __main__ - INFO - ======================================================================
2026-02-05 16:09:54,138 - pipeline.orchestrator - INFO - Loading configuration from config/settings.yaml
2026-02-05 16:09:54,153 - __main__ - INFO - Running full pipeline...
2026-02-05 16:09:54,153 - pipeline.orchestrator - INFO - ============================================================
2026-02-05 16:09:54,153 - pipeline.orchestrator - INFO - Starting full pipeline execution
2026-02-05 16:09:54,154 - pipeline.orchestrator - INFO - ============================================================
2026-02-05 16:09:54,154 - pipeline.orchestrator - INFO - Diarization-first mode enabled
2026-02-05 16:09:54,154 - pipeline.orchestrator - INFO - Initializing agents: ['audio_file', 'vad', 'diarization', 'transcription']
2026-02-05 16:09:54,154 - agents.recording_agent - INFO - AudioFileAgent initialized
2026-02-05 16:09:54,154 - agents.vad_transcription_agents - INFO - Initializing VADAgent...
2026-02-05 16:09:54,155 - models.vad_models - INFO - Loading Silero VAD model...
2026-02-05 16:09:54,499 - models.vad_models - INFO - Silero VAD model loaded successfully
2026-02-05 16:09:54,499 - agents.vad_transcription_agents - INFO - VADAgent initialized successfully
2026-02-05 16:09:54,499 - agents.diarization_agent - INFO - Initializing speaker diarization (simple)...
2026-02-05 16:09:56,423 - models.simple_diarization - INFO - Initialized SimpleDiarization with 2 speakers
2026-02-05 16:09:56,423 - agents.diarization_agent - INFO - Diarization agent initialized successfully
2026-02-05 16:09:56,424 - agents.vad_transcription_agents - INFO - Initializing TranscriptionAgent...
2026-02-05 16:09:56,731 - models.asr_models - INFO - Loading Whisper model (openai-whisper): base on cpu
2026-02-05 16:09:57,413 - models.asr_models - INFO - Whisper model (openai-whisper) loaded successfully
2026-02-05 16:09:57,413 - agents.vad_transcription_agents - INFO - TranscriptionAgent initialized successfully
2026-02-05 16:09:57,413 - pipeline.orchestrator - INFO - All requested agents initialized successfully
2026-02-05 16:09:57,413 - pipeline.orchestrator - INFO - Step 1/4: Loading audio from D:\Jiahao_Zheng\On-Device-ASR-ADHD\data\ENNIA413.wav...
2026-02-05 16:09:57,413 - agents.recording_agent - INFO - Loading audio from: D:\Jiahao_Zheng\On-Device-ASR-ADHD\data\ENNIA413.wav
2026-02-05 16:09:59,096 - agents.recording_agent - INFO - Loaded 392.69s of audio at 16000Hz
2026-02-05 16:09:59,097 - pipeline.orchestrator - INFO - Output directory: outputs\daily_reports\ENNIA413
2026-02-05 16:09:59,097 - pipeline.orchestrator - INFO - Step 2/5: Detecting speech segments (VAD)...
2026-02-05 16:09:59,097 - agents.vad_transcription_agents - INFO - Running VAD on 392.69s of audio...
2026-02-05 16:10:03,410 - models.vad_models - INFO - Detected 104 speech segments
2026-02-05 16:10:03,411 - agents.vad_transcription_agents - INFO - Detected 104 speech segments
2026-02-05 16:10:03,411 - agents.vad_transcription_agents - INFO - Total speech: 164.96s, Average segment: 1.59s
2026-02-05 16:10:03,411 - pipeline.orchestrator - INFO - Found 104 speech segments
2026-02-05 16:10:03,411 - pipeline.orchestrator - INFO - Step 3/5: Diarizing speech segments (simple clustering)...
2026-02-05 16:10:03,411 - agents.diarization_agent - INFO - Diarizing 104 VAD segments...
2026-02-05 16:10:03,411 - models.simple_diarization - INFO - Diarizing 104 segments...
2026-02-05 16:10:10,611 - models.simple_diarization - INFO - Cluster pitches: {0: np.float32(261.91147), 1: np.float32(262.50867)}
2026-02-05 16:10:10,612 - models.simple_diarization - INFO - Diarization complete: 104 child segments, 0 adult segments
2026-02-05 16:10:10,613 - agents.diarization_agent - INFO - Diarization complete: 104 child segments, 0 adult segments
2026-02-05 16:10:10,613 - pipeline.orchestrator - INFO - Step 4/5: Transcribing speaker-labeled segments...
2026-02-05 16:10:10,613 - agents.vad_transcription_agents - INFO - Transcribing 104 segments...
2026-02-05 16:10:10,614 - models.asr_models - INFO - Transcribing 104 audio segments...
2026-02-05 16:10:12,271 - models.asr_models - ERROR - Transcription failed for segment: 'DiarizationSegment' object has no attribute 'duration'
2026-02-05 16:10:18,668 - models.asr_models - ERROR - Transcription failed for segment: 'DiarizationSegment' object has no attribute 'duration'
2026-02-05 16:10:19,794 - models.asr_models - ERROR - Transcription failed for segment: 'DiarizationSegment' object has no attribute 'duration'
2026-02-05 16:10:20,919 - models.asr_models - ERROR - Transcription failed for segment: 'DiarizationSegment' object has no attribute 'duration'
2026-02-05 16:10:22,023 - models.asr_models - ERROR - Transcription failed for segment: 'DiarizationSegment' object has no attribute 'duration'
2026-02-05 16:10:28,157 - models.asr_models - ERROR - Transcription failed for segment: 'DiarizationSegment' object has no attribute 'duration'
2026-02-05 16:10:29,186 - models.asr_models - ERROR - Transcription failed for segment: 'DiarizationSegment' object has no attribute 'duration'
2026-02-05 16:10:30,244 - models.asr_models - ERROR - Transcription failed for segment: 'DiarizationSegment' object has no attribute 'duration'
2026-02-05 16:10:31,461 - models.asr_models - ERROR - Transcription failed for segment: 'DiarizationSegment' object has no attribute 'duration'
2026-02-05 16:10:31,461 - models.asr_models - INFO - Progress: 10/104 segments transcribed
2026-02-05 16:10:32,549 - models.asr_models - ERROR - Transcription failed for segment: 'DiarizationSegment' object has no attribute 'duration'
2026-02-05 16:10:38,802 - models.asr_models - ERROR - Transcription failed for segment: 'DiarizationSegment' object has no attribute 'duration'
2026-02-05 16:10:41,405 - models.asr_models - ERROR - Transcription failed for segment: 'DiarizationSegment' object has no attribute 'duration'
2026-02-05 16:10:42,423 - models.asr_models - ERROR - Transcription failed for segment: 'DiarizationSegment' object has no attribute 'duration'
2026-02-05 16:10:43,459 - models.asr_models - ERROR - Transcription failed for segment: 'DiarizationSegment' object has no attribute 'duration'
2026-02-05 16:10:49,529 - models.asr_models - ERROR - Transcription failed for segment: 'DiarizationSegment' object has no attribute 'duration'
2026-02-05 16:10:50,589 - models.asr_models - ERROR - Transcription failed for segment: 'DiarizationSegment' object has no attribute 'duration'
2026-02-05 16:10:51,624 - models.asr_models - ERROR - Transcription failed for segment: 'DiarizationSegment' object has no attribute 'duration'
2026-02-05 16:10:52,871 - models.asr_models - ERROR - Transcription failed for segment: 'DiarizationSegment' object has no attribute 'duration'
2026-02-05 16:10:59,227 - models.asr_models - ERROR - Transcription failed for segment: 'DiarizationSegment' object has no attribute 'duration'
2026-02-05 16:10:59,228 - models.asr_models - INFO - Progress: 20/104 segments transcribed
2026-02-05 16:11:00,340 - models.asr_models - ERROR - Transcription failed for segment: 'DiarizationSegment' object has no attribute 'duration'
2026-02-05 16:11:01,411 - models.asr_models - ERROR - Transcription failed for segment: 'DiarizationSegment' object has no attribute 'duration'
2026-02-05 16:11:02,544 - models.asr_models - ERROR - Transcription failed for segment: 'DiarizationSegment' object has no attribute 'duration'
2026-02-05 16:11:03,555 - models.asr_models - ERROR - Transcription failed for segment: 'DiarizationSegment' object has no attribute 'duration'
2026-02-05 16:11:04,574 - models.asr_models - ERROR - Transcription failed for segment: 'DiarizationSegment' object has no attribute 'duration'
2026-02-05 16:11:05,614 - models.asr_models - ERROR - Transcription failed for segment: 'DiarizationSegment' object has no attribute 'duration'
2026-02-05 16:11:06,747 - models.asr_models - ERROR - Transcription failed for segment: 'DiarizationSegment' object has no attribute 'duration'
2026-02-05 16:11:07,746 - models.asr_models - ERROR - Transcription failed for segment: 'DiarizationSegment' object has no attribute 'duration'
2026-02-05 16:11:14,022 - models.asr_models - ERROR - Transcription failed for segment: 'DiarizationSegment' object has no attribute 'duration'
2026-02-05 16:11:20,488 - models.asr_models - ERROR - Transcription failed for segment: 'DiarizationSegment' object has no attribute 'duration'
2026-02-05 16:11:20,488 - models.asr_models - INFO - Progress: 30/104 segments transcribed
2026-02-05 16:11:26,805 - models.asr_models - ERROR - Transcription failed for segment: 'DiarizationSegment' object has no attribute 'duration'
2026-02-05 16:11:27,910 - models.asr_models - ERROR - Transcription failed for segment: 'DiarizationSegment' object has no attribute 'duration'
2026-02-05 16:11:29,107 - models.asr_models - ERROR - Transcription failed for segment: 'DiarizationSegment' object has no attribute 'duration'
2026-02-05 16:11:35,496 - models.asr_models - ERROR - Transcription failed for segment: 'DiarizationSegment' object has no attribute 'duration'
2026-02-05 16:11:36,596 - models.asr_models - ERROR - Transcription failed for segment: 'DiarizationSegment' object has no attribute 'duration'
2026-02-05 16:11:37,625 - models.asr_models - ERROR - Transcription failed for segment: 'DiarizationSegment' object has no attribute 'duration'
2026-02-05 16:11:43,624 - models.asr_models - ERROR - Transcription failed for segment: 'DiarizationSegment' object has no attribute 'duration'
2026-02-05 16:11:44,615 - models.asr_models - ERROR - Transcription failed for segment: 'DiarizationSegment' object has no attribute 'duration'
2026-02-05 16:11:45,640 - models.asr_models - ERROR - Transcription failed for segment: 'DiarizationSegment' object has no attribute 'duration'
2026-02-05 16:11:46,596 - models.asr_models - ERROR - Transcription failed for segment: 'DiarizationSegment' object has no attribute 'duration'
2026-02-05 16:11:46,596 - models.asr_models - INFO - Progress: 40/104 segments transcribed
2026-02-05 16:11:52,162 - models.asr_models - ERROR - Transcription failed for segment: 'DiarizationSegment' object has no attribute 'duration'
2026-02-05 16:11:53,078 - models.asr_models - ERROR - Transcription failed for segment: 'DiarizationSegment' object has no attribute 'duration'
2026-02-05 16:11:58,819 - models.asr_models - ERROR - Transcription failed for segment: 'DiarizationSegment' object has no attribute 'duration'
2026-02-05 16:12:04,967 - models.asr_models - ERROR - Transcription failed for segment: 'DiarizationSegment' object has no attribute 'duration'
2026-02-05 16:12:10,737 - models.asr_models - ERROR - Transcription failed for segment: 'DiarizationSegment' object has no attribute 'duration'
2026-02-05 16:12:12,835 - models.asr_models - ERROR - Transcription failed for segment: 'DiarizationSegment' object has no attribute 'duration'
2026-02-05 16:12:13,797 - models.asr_models - ERROR - Transcription failed for segment: 'DiarizationSegment' object has no attribute 'duration'
2026-02-05 16:12:14,823 - models.asr_models - ERROR - Transcription failed for segment: 'DiarizationSegment' object has no attribute 'duration'
2026-02-05 16:12:15,772 - models.asr_models - ERROR - Transcription failed for segment: 'DiarizationSegment' object has no attribute 'duration'
2026-02-05 16:12:16,727 - models.asr_models - ERROR - Transcription failed for segment: 'DiarizationSegment' object has no attribute 'duration'
2026-02-05 16:12:16,727 - models.asr_models - INFO - Progress: 50/104 segments transcribed
2026-02-05 16:12:17,710 - models.asr_models - ERROR - Transcription failed for segment: 'DiarizationSegment' object has no attribute 'duration'
2026-02-05 16:12:23,899 - models.asr_models - ERROR - Transcription failed for segment: 'DiarizationSegment' object has no attribute 'duration'
2026-02-05 16:12:25,024 - models.asr_models - ERROR - Transcription failed for segment: 'DiarizationSegment' object has no attribute 'duration'
2026-02-05 16:12:26,180 - models.asr_models - ERROR - Transcription failed for segment: 'DiarizationSegment' object has no attribute 'duration'
2026-02-05 16:12:33,161 - models.asr_models - ERROR - Transcription failed for segment: 'DiarizationSegment' object has no attribute 'duration'
2026-02-05 16:12:39,193 - models.asr_models - ERROR - Transcription failed for segment: 'DiarizationSegment' object has no attribute 'duration'
2026-02-05 16:12:40,182 - models.asr_models - ERROR - Transcription failed for segment: 'DiarizationSegment' object has no attribute 'duration'
2026-02-05 16:12:41,248 - models.asr_models - ERROR - Transcription failed for segment: 'DiarizationSegment' object has no attribute 'duration'
2026-02-05 16:12:42,339 - models.asr_models - ERROR - Transcription failed for segment: 'DiarizationSegment' object has no attribute 'duration'
2026-02-05 16:12:43,372 - models.asr_models - ERROR - Transcription failed for segment: 'DiarizationSegment' object has no attribute 'duration'
2026-02-05 16:12:43,372 - models.asr_models - INFO - Progress: 60/104 segments transcribed
2026-02-05 16:12:49,242 - models.asr_models - ERROR - Transcription failed for segment: 'DiarizationSegment' object has no attribute 'duration'
2026-02-05 16:12:50,230 - models.asr_models - ERROR - Transcription failed for segment: 'DiarizationSegment' object has no attribute 'duration'
2026-02-05 16:12:51,206 - models.asr_models - ERROR - Transcription failed for segment: 'DiarizationSegment' object has no attribute 'duration'
2026-02-05 16:12:52,296 - models.asr_models - ERROR - Transcription failed for segment: 'DiarizationSegment' object has no attribute 'duration'
2026-02-05 16:12:53,451 - models.asr_models - ERROR - Transcription failed for segment: 'DiarizationSegment' object has no attribute 'duration'
2026-02-05 16:12:54,495 - models.asr_models - ERROR - Transcription failed for segment: 'DiarizationSegment' object has no attribute 'duration'
2026-02-05 16:13:00,658 - models.asr_models - ERROR - Transcription failed for segment: 'DiarizationSegment' object has no attribute 'duration'
2026-02-05 16:13:07,252 - models.asr_models - ERROR - Transcription failed for segment: 'DiarizationSegment' object has no attribute 'duration'
2026-02-05 16:13:14,070 - models.asr_models - ERROR - Transcription failed for segment: 'DiarizationSegment' object has no attribute 'duration'
2026-02-05 16:13:20,786 - models.asr_models - ERROR - Transcription failed for segment: 'DiarizationSegment' object has no attribute 'duration'
2026-02-05 16:13:20,786 - models.asr_models - INFO - Progress: 70/104 segments transcribed
2026-02-05 16:13:21,863 - models.asr_models - ERROR - Transcription failed for segment: 'DiarizationSegment' object has no attribute 'duration'
2026-02-05 16:13:28,376 - models.asr_models - ERROR - Transcription failed for segment: 'DiarizationSegment' object has no attribute 'duration'
2026-02-05 16:13:29,552 - models.asr_models - ERROR - Transcription failed for segment: 'DiarizationSegment' object has no attribute 'duration'
2026-02-05 16:13:35,676 - models.asr_models - ERROR - Transcription failed for segment: 'DiarizationSegment' object has no attribute 'duration'
2026-02-05 16:13:41,458 - models.asr_models - ERROR - Transcription failed for segment: 'DiarizationSegment' object has no attribute 'duration'
2026-02-05 16:13:42,387 - models.asr_models - ERROR - Transcription failed for segment: 'DiarizationSegment' object has no attribute 'duration'
2026-02-05 16:13:48,408 - models.asr_models - ERROR - Transcription failed for segment: 'DiarizationSegment' object has no attribute 'duration'
2026-02-05 16:13:49,392 - models.asr_models - ERROR - Transcription failed for segment: 'DiarizationSegment' object has no attribute 'duration'
2026-02-05 16:13:55,582 - models.asr_models - ERROR - Transcription failed for segment: 'DiarizationSegment' object has no attribute 'duration'
2026-02-05 16:14:02,021 - models.asr_models - ERROR - Transcription failed for segment: 'DiarizationSegment' object has no attribute 'duration'
2026-02-05 16:14:02,021 - models.asr_models - INFO - Progress: 80/104 segments transcribed
2026-02-05 16:14:08,463 - models.asr_models - ERROR - Transcription failed for segment: 'DiarizationSegment' object has no attribute 'duration'
2026-02-05 16:14:09,440 - models.asr_models - ERROR - Transcription failed for segment: 'DiarizationSegment' object has no attribute 'duration'
2026-02-05 16:14:10,480 - models.asr_models - ERROR - Transcription failed for segment: 'DiarizationSegment' object has no attribute 'duration'
2026-02-05 16:14:11,679 - models.asr_models - ERROR - Transcription failed for segment: 'DiarizationSegment' object has no attribute 'duration'
2026-02-05 16:14:18,101 - models.asr_models - ERROR - Transcription failed for segment: 'DiarizationSegment' object has no attribute 'duration'
2026-02-05 16:14:19,062 - models.asr_models - ERROR - Transcription failed for segment: 'DiarizationSegment' object has no attribute 'duration'
2026-02-05 16:14:20,168 - models.asr_models - ERROR - Transcription failed for segment: 'DiarizationSegment' object has no attribute 'duration'
2026-02-05 16:14:21,171 - models.asr_models - ERROR - Transcription failed for segment: 'DiarizationSegment' object has no attribute 'duration'
2026-02-05 16:14:27,566 - models.asr_models - ERROR - Transcription failed for segment: 'DiarizationSegment' object has no attribute 'duration'
2026-02-05 16:14:33,742 - models.asr_models - ERROR - Transcription failed for segment: 'DiarizationSegment' object has no attribute 'duration'
2026-02-05 16:14:33,742 - models.asr_models - INFO - Progress: 90/104 segments transcribed
2026-02-05 16:14:39,946 - models.asr_models - ERROR - Transcription failed for segment: 'DiarizationSegment' object has no attribute 'duration'
2026-02-05 16:14:40,964 - models.asr_models - ERROR - Transcription failed for segment: 'DiarizationSegment' object has no attribute 'duration'
2026-02-05 16:14:46,721 - models.asr_models - ERROR - Transcription failed for segment: 'DiarizationSegment' object has no attribute 'duration'
2026-02-05 16:14:47,723 - models.asr_models - ERROR - Transcription failed for segment: 'DiarizationSegment' object has no attribute 'duration'
2026-02-05 16:14:48,722 - models.asr_models - ERROR - Transcription failed for segment: 'DiarizationSegment' object has no attribute 'duration'
2026-02-05 16:14:49,686 - models.asr_models - ERROR - Transcription failed for segment: 'DiarizationSegment' object has no attribute 'duration'
2026-02-05 16:14:50,603 - models.asr_models - ERROR - Transcription failed for segment: 'DiarizationSegment' object has no attribute 'duration'
2026-02-05 16:14:56,544 - models.asr_models - ERROR - Transcription failed for segment: 'DiarizationSegment' object has no attribute 'duration'
2026-02-05 16:14:57,544 - models.asr_models - ERROR - Transcription failed for segment: 'DiarizationSegment' object has no attribute 'duration'
2026-02-05 16:15:03,595 - models.asr_models - ERROR - Transcription failed for segment: 'DiarizationSegment' object has no attribute 'duration'
2026-02-05 16:15:03,595 - models.asr_models - INFO - Progress: 100/104 segments transcribed
2026-02-05 16:15:04,530 - models.asr_models - ERROR - Transcription failed for segment: 'DiarizationSegment' object has no attribute 'duration'
2026-02-05 16:15:05,472 - models.asr_models - ERROR - Transcription failed for segment: 'DiarizationSegment' object has no attribute 'duration'
2026-02-05 16:15:11,702 - models.asr_models - ERROR - Transcription failed for segment: 'DiarizationSegment' object has no attribute 'duration'
2026-02-05 16:15:18,013 - models.asr_models - ERROR - Transcription failed for segment: 'DiarizationSegment' object has no attribute 'duration'
2026-02-05 16:15:18,013 - models.asr_models - INFO - Progress: 104/104 segments transcribed
2026-02-05 16:15:18,984 - models.asr_models - ERROR - Transcription failed for segment: 'DiarizationSegment' object has no attribute 'duration'
2026-02-05 16:15:18,984 - models.asr_models - INFO - Completed transcription of 104 segments
2026-02-05 16:15:18,984 - agents.vad_transcription_agents - INFO - Successfully transcribed 0/104 segments
2026-02-05 16:15:18,984 - pipeline.orchestrator - WARNING - No transcripts generated. Pipeline terminated.
2026-02-05 16:15:18,984 - __main__ - WARNING - 
[ERROR] No output generated (no speech detected)
2026-02-05 16:15:18,984 - pipeline.orchestrator - INFO - Cleaning up pipeline orchestrator...
2026-02-05 16:15:18,984 - agents.recording_agent - INFO - AudioFileAgent cleaned up
2026-02-05 16:15:18,984 - agents.vad_transcription_agents - INFO - VADAgent cleaned up
2026-02-05 16:15:18,984 - agents.diarization_agent - INFO - Diarization agent cleaned up
2026-02-05 16:15:18,995 - agents.vad_transcription_agents - INFO - TranscriptionAgent cleaned up
2026-02-05 16:15:18,995 - pipeline.orchestrator - INFO - Cleanup completed
2026-02-05 16:15:18,995 - __main__ - INFO - 
======================================================================
2026-02-05 16:15:18,996 - __main__ - INFO - Processing completed successfully
2026-02-05 16:15:18,996 - __main__ - INFO - ======================================================================
2026-02-05 16:16:52,778 - __main__ - INFO - ======================================================================
2026-02-05 16:16:52,778 - __main__ - INFO - ADHD Audio Summarization System
2026-02-05 16:16:52,778 - __main__ - INFO - On-Device Processing - Privacy Preserved
2026-02-05 16:16:52,778 - __main__ - INFO - ======================================================================
2026-02-05 16:16:52,780 - pipeline.orchestrator - INFO - Loading configuration from config/settings.yaml
2026-02-05 16:16:52,786 - __main__ - INFO - Running full pipeline...
2026-02-05 16:16:52,786 - pipeline.orchestrator - INFO - ============================================================
2026-02-05 16:16:52,786 - pipeline.orchestrator - INFO - Starting full pipeline execution
2026-02-05 16:16:52,787 - pipeline.orchestrator - INFO - ============================================================
2026-02-05 16:16:52,787 - pipeline.orchestrator - INFO - Diarization-first mode enabled
2026-02-05 16:16:52,787 - pipeline.orchestrator - INFO - Initializing agents: ['audio_file', 'vad', 'diarization', 'transcription']
2026-02-05 16:16:52,787 - agents.recording_agent - INFO - AudioFileAgent initialized
2026-02-05 16:16:52,787 - agents.vad_transcription_agents - INFO - Initializing VADAgent...
2026-02-05 16:16:52,787 - models.vad_models - INFO - Loading Silero VAD model...
2026-02-05 16:16:53,088 - models.vad_models - INFO - Silero VAD model loaded successfully
2026-02-05 16:16:53,088 - agents.vad_transcription_agents - INFO - VADAgent initialized successfully
2026-02-05 16:16:53,088 - agents.diarization_agent - INFO - Initializing speaker diarization (simple)...
2026-02-05 16:16:54,977 - models.simple_diarization - INFO - Initialized SimpleDiarization with 2 speakers
2026-02-05 16:16:54,978 - agents.diarization_agent - INFO - Diarization agent initialized successfully
2026-02-05 16:16:54,978 - agents.vad_transcription_agents - INFO - Initializing TranscriptionAgent...
2026-02-05 16:16:55,314 - models.asr_models - INFO - Loading Whisper model (openai-whisper): base on cpu
2026-02-05 16:16:55,977 - models.asr_models - INFO - Whisper model (openai-whisper) loaded successfully
2026-02-05 16:16:55,977 - agents.vad_transcription_agents - INFO - TranscriptionAgent initialized successfully
2026-02-05 16:16:55,978 - pipeline.orchestrator - INFO - All requested agents initialized successfully
2026-02-05 16:16:55,978 - pipeline.orchestrator - INFO - Step 1/4: Loading audio from D:\Jiahao_Zheng\On-Device-ASR-ADHD\data\ENNIA413.wav...
2026-02-05 16:16:55,978 - agents.recording_agent - INFO - Loading audio from: D:\Jiahao_Zheng\On-Device-ASR-ADHD\data\ENNIA413.wav
2026-02-05 16:16:57,675 - agents.recording_agent - INFO - Loaded 392.69s of audio at 16000Hz
2026-02-05 16:16:57,676 - pipeline.orchestrator - INFO - Output directory: outputs\daily_reports\ENNIA413
2026-02-05 16:16:57,677 - pipeline.orchestrator - INFO - Step 2/5: Detecting speech segments (VAD)...
2026-02-05 16:16:57,677 - agents.vad_transcription_agents - INFO - Running VAD on 392.69s of audio...
2026-02-05 16:17:01,773 - models.vad_models - INFO - Detected 104 speech segments
2026-02-05 16:17:01,774 - agents.vad_transcription_agents - INFO - Detected 104 speech segments
2026-02-05 16:17:01,774 - agents.vad_transcription_agents - INFO - Total speech: 164.96s, Average segment: 1.59s
2026-02-05 16:17:01,774 - pipeline.orchestrator - INFO - Found 104 speech segments
2026-02-05 16:17:01,774 - pipeline.orchestrator - INFO - Step 3/5: Diarizing speech segments (simple clustering)...
2026-02-05 16:17:01,775 - agents.diarization_agent - INFO - Diarizing 104 VAD segments...
2026-02-05 16:17:01,775 - models.simple_diarization - INFO - Diarizing 104 segments...
2026-02-05 16:17:05,139 - models.simple_diarization - INFO - Cluster pitches: {0: np.float32(261.91147), 1: np.float32(262.50867)}
2026-02-05 16:17:05,139 - models.simple_diarization - INFO - Diarization complete: 104 child segments, 0 adult segments
2026-02-05 16:17:05,140 - agents.diarization_agent - INFO - Diarization complete: 104 child segments, 0 adult segments
2026-02-05 16:17:05,141 - pipeline.orchestrator - INFO - Step 4/5: Transcribing speaker-labeled segments...
2026-02-05 16:17:05,141 - agents.vad_transcription_agents - INFO - Transcribing 104 segments...
2026-02-05 16:17:05,141 - models.asr_models - INFO - Transcribing 104 audio segments...
2026-02-05 16:17:25,029 - models.asr_models - INFO - Progress: 10/104 segments transcribed
2026-02-05 16:17:58,864 - models.asr_models - INFO - Progress: 20/104 segments transcribed
2026-02-05 16:18:16,699 - models.asr_models - INFO - Progress: 30/104 segments transcribed
2026-02-05 16:18:42,203 - models.asr_models - INFO - Progress: 40/104 segments transcribed
2026-02-05 16:19:10,329 - models.asr_models - INFO - Progress: 50/104 segments transcribed
2026-02-05 16:19:38,439 - models.asr_models - INFO - Progress: 60/104 segments transcribed
2026-02-05 16:20:13,226 - models.asr_models - INFO - Progress: 70/104 segments transcribed
2026-02-05 16:20:58,285 - models.asr_models - INFO - Progress: 80/104 segments transcribed
2026-02-05 16:21:28,446 - models.asr_models - INFO - Progress: 90/104 segments transcribed
2026-02-05 16:22:01,838 - models.asr_models - INFO - Progress: 100/104 segments transcribed
2026-02-05 16:22:18,073 - models.asr_models - INFO - Progress: 104/104 segments transcribed
2026-02-05 16:22:19,095 - models.asr_models - INFO - Completed transcription of 104 segments
2026-02-05 16:22:19,095 - agents.vad_transcription_agents - INFO - Successfully transcribed 103/104 segments
2026-02-05 16:22:19,102 - agents.vad_transcription_agents - INFO - Saved 103 transcripts to outputs\daily_reports\ENNIA413\transcripts_20260205.json
2026-02-05 16:22:19,102 - pipeline.orchestrator - INFO - Transcripts saved to outputs\daily_reports\ENNIA413\transcripts_20260205.json
2026-02-05 16:22:19,102 - pipeline.orchestrator - INFO - Initializing summary agent...
2026-02-05 16:22:19,102 - agents.summary_agent - INFO - Initializing SummaryAgent...
2026-02-05 16:22:21,686 - models.llm_models - INFO - Loading Qwen model: Qwen/Qwen2.5-7B-Instruct on cpu
2026-02-05 16:22:21,785 - httpx - INFO - HTTP Request: HEAD https://huggingface.co/Qwen/Qwen2.5-7B-Instruct/resolve/main/config.json "HTTP/1.1 307 Temporary Redirect"
2026-02-05 16:22:21,803 - httpx - INFO - HTTP Request: HEAD https://huggingface.co/api/resolve-cache/models/Qwen/Qwen2.5-7B-Instruct/a09a35458c702b33eeacc393d103063234e8bc28/config.json "HTTP/1.1 200 OK"
2026-02-05 16:22:21,871 - httpx - INFO - HTTP Request: HEAD https://huggingface.co/Qwen/Qwen2.5-7B-Instruct/resolve/main/tokenizer_config.json "HTTP/1.1 307 Temporary Redirect"
2026-02-05 16:22:21,873 - huggingface_hub.utils._http - WARNING - Warning: You are sending unauthenticated requests to the HF Hub. Please set a HF_TOKEN to enable higher rate limits and faster downloads.
2026-02-05 16:22:21,889 - httpx - INFO - HTTP Request: HEAD https://huggingface.co/api/resolve-cache/models/Qwen/Qwen2.5-7B-Instruct/a09a35458c702b33eeacc393d103063234e8bc28/tokenizer_config.json "HTTP/1.1 200 OK"
2026-02-05 16:22:21,939 - httpx - INFO - HTTP Request: GET https://huggingface.co/api/models/Qwen/Qwen2.5-7B-Instruct/tree/main/additional_chat_templates?recursive=false&expand=false "HTTP/1.1 404 Not Found"
2026-02-05 16:22:22,009 - httpx - INFO - HTTP Request: GET https://huggingface.co/api/models/Qwen/Qwen2.5-7B-Instruct/tree/main?recursive=true&expand=false "HTTP/1.1 200 OK"
2026-02-05 16:22:22,720 - httpx - INFO - HTTP Request: GET https://huggingface.co/api/models/Qwen/Qwen2.5-7B-Instruct "HTTP/1.1 200 OK"
2026-02-05 16:22:22,773 - httpx - INFO - HTTP Request: HEAD https://huggingface.co/Qwen/Qwen2.5-7B-Instruct/resolve/main/config.json "HTTP/1.1 307 Temporary Redirect"
2026-02-05 16:22:22,788 - httpx - INFO - HTTP Request: HEAD https://huggingface.co/api/resolve-cache/models/Qwen/Qwen2.5-7B-Instruct/a09a35458c702b33eeacc393d103063234e8bc28/config.json "HTTP/1.1 200 OK"
2026-02-05 16:22:22,861 - models.llm_models - ERROR - Failed to load Qwen model: Could not import module 'Qwen2ForCausalLM'. Are this object's requirements defined correctly?
2026-02-05 16:22:22,861 - pipeline.orchestrator - WARNING - Summary generation skipped due to error: Could not import module 'Qwen2ForCausalLM'. Are this object's requirements defined correctly?
2026-02-05 16:22:22,861 - pipeline.orchestrator - INFO - Transcripts are still available for review
2026-02-05 16:22:22,861 - pipeline.orchestrator - INFO - ============================================================
2026-02-05 16:22:22,861 - pipeline.orchestrator - INFO - Pipeline execution completed
2026-02-05 16:22:22,861 - pipeline.orchestrator - INFO - Output saved to: outputs\daily_reports\ENNIA413
2026-02-05 16:22:22,861 - pipeline.orchestrator - INFO - ============================================================
2026-02-05 16:22:22,865 - __main__ - INFO - 
[OK] Success! Reports available at: outputs\daily_reports\ENNIA413
2026-02-05 16:22:22,866 - pipeline.orchestrator - INFO - Cleaning up pipeline orchestrator...
2026-02-05 16:22:22,866 - agents.recording_agent - INFO - AudioFileAgent cleaned up
2026-02-05 16:22:22,872 - agents.vad_transcription_agents - INFO - VADAgent cleaned up
2026-02-05 16:22:22,872 - agents.diarization_agent - INFO - Diarization agent cleaned up
2026-02-05 16:22:22,880 - agents.vad_transcription_agents - INFO - TranscriptionAgent cleaned up
2026-02-05 16:22:22,916 - agents.summary_agent - INFO - SummaryAgent cleaned up
2026-02-05 16:22:22,917 - pipeline.orchestrator - INFO - Cleanup completed
2026-02-05 16:22:22,917 - __main__ - INFO - 
======================================================================
2026-02-05 16:22:22,917 - __main__ - INFO - Processing completed successfully
2026-02-05 16:22:22,917 - __main__ - INFO - ======================================================================
